MAP
	NAME "Ban do tinh Binh Duong"
	STATUS ON
	SIZE 800 600
	SYMBOLSET  ../total/etc/symbols.sym
	EXTENT         644543.053833 1201573.303240 714593.546097 1271877.153095
	UNITS METERS
	SHAPEPATH  "shapefile"
	IMAGECOLOR     255 255 255
	FONTSET   ../total/etc/fonts.txt
	
	PROJECTION
	  "init=epsg:4236"
	END
	WEB
	    IMAGEPATH "/ms4w/tmp/ms_tmp/"
	    IMAGEURL  "/ms_tmp/"	   
		metadata  
			"wms_feature_info_mime_type" "text/html" 
		end
	END

	

# Start of legend
	LEGEND
	  KEYSIZE 18 12
	  LABEL
		TYPE BITMAP
		SIZE MEDIUM
		COLOR 0 0 89
	  END
	  STATUS ON	
	  #STATUS EMBED
	  #POSITION LR
	  #TRANSPARENT TRUE
	END

# Start of scalebar
	SCALEBAR
	  IMAGECOLOR 255 255 255
	  LABEL
		COLOR 0 0 0 
		SIZE SMALL
	  END
	  SIZE 150 5
	  COLOR 255 255 255
	  BACKGROUNDCOLOR 0 0 0
	  OUTLINECOLOR 0 0 0
	  UNITS kilometers
	  INTERVALS 3
	  STATUS OFF
	  #STATUS EMBED
	  TRANSPARENT TRUE
	END
	
# Start of query
	QUERYMAP
	  STATUS ON
	  STYLE HILITE
	  #STYLE SELECTED
	#STYLE NORMAL
	  COLOR 255 255 0
	END

# Start of layer definitions
# lop hanh chinh
	LAYER
        #PROCESSING “CLOSE_CONNECTION=DEFER”
	    NAME "hanhchinh"	
	    TYPE POLYGON
	    STATUS ON
	    DATA binhduong_h
		dump true
	    METADATA
			qstring_validation_pattern '.'
			"gml_include_items" "all"
			#"wms_feature_info_mime_type" "text/html"
			"wms_feature_info_mime_type" "text/plain"			
		    "DESCRIPTION"   "hanh chinh"
		    "RESULT_FIELDS" "FID TEN_HUYEN"
	    END
		template "BD_template.html"		
		LABELITEM   "TEN_HUYEN"
		CLASSITEM	"TEN_HUYEN"							
		CLASS	
		    EXPRESSION 'H. BÕn C¸t'			
			
			 STYLE
				#SYMBOL "line-vertical"
				#SIZE 8
				COLOR        255 49 30			        
				OUTLINECOLOR 104 167 252
			 END
			 LABEL
        			COLOR 0 0 0
	        		TYPE TRUETYPE
        			FONT vntime
	        		SIZE 10
        			ANTIALIAS TRUE
	        		POSITION CC
        			PARTIALS FALSE
	        		MINDISTANCE 300
					#MINFEATURESIZE auto
        			BUFFER 4
	      	 END # end of label	
        END
        CLASS 
			EXPRESSION 'H. DÇu TiÕng'
			 STYLE
				#SYMBOL "line-vertical"
				#SIZE 8
				COLOR        255 49 30			        
				OUTLINECOLOR 254 177 25
			 END
			 LABEL
        			COLOR 0 0 0
	        		TYPE TRUETYPE
        			FONT vntime
	        		SIZE 10
        			ANTIALIAS TRUE
	        		POSITION CC
        			PARTIALS FALSE
	        		MINDISTANCE 300
					#MINFEATURESIZE auto
        			BUFFER 4
	      	 END # end of label	
		END
		CLASS  
		    EXPRESSION 'H. DÜ An'
			
			 STYLE
				#SYMBOL "line-vertical"
				#SIZE 8
				COLOR        255 49 30			        
				OUTLINECOLOR 254 177 25
			 END
			 LABEL
        			COLOR 0 0 0
	        		TYPE TRUETYPE
        			FONT vntime
	        		SIZE 10
        			ANTIALIAS TRUE
	        		POSITION CC
        			PARTIALS FALSE
	        		MINDISTANCE 300
					#MINFEATURESIZE auto
        			BUFFER 4
	      	 END # end of label		
		END
		CLASS  
		    EXPRESSION 'H. Phó Gi¸o'
			
			 STYLE
				#SYMBOL "line-vertical"
				#SIZE 8
				COLOR        242 219 13			        
				OUTLINECOLOR 254 177 25
			 END
			 LABEL
        			COLOR 0 0 0
	        		TYPE TRUETYPE
        			FONT vntime
	        		SIZE 10
        			ANTIALIAS TRUE
	        		POSITION CC
        			PARTIALS FALSE
	        		MINDISTANCE 300
					#MINFEATURESIZE auto
        			BUFFER 4
	      	 END # end of label		
		END
		CLASS  
		    EXPRESSION 'H. ThuËn An'
			
			 STYLE
				#SYMBOL "line-vertical"
				#SIZE 8
				COLOR        242 219 13			        
				OUTLINECOLOR 254 177 25
			 END
			 LABEL
        			COLOR 0 0 0
	        		TYPE TRUETYPE
        			FONT vntime
	        		SIZE 10
        			ANTIALIAS TRUE
	        		POSITION CC
        			PARTIALS FALSE
	        		MINDISTANCE 300
					#MINFEATURESIZE auto
        			BUFFER 4
	      	 END # end of label		
		END
		CLASS  
		    EXPRESSION 'H. T©n Uyªn'
			
			 STYLE
				#SYMBOL "line-vertical"
				#SIZE 8
				COLOR        234 85 21			        
				OUTLINECOLOR 254 177 25
			 END
			 LABEL
        			COLOR 0 0 0
	        		TYPE TRUETYPE
        			FONT vntime
	        		SIZE 10
        			ANTIALIAS TRUE
	        		POSITION CC
        			PARTIALS FALSE
	        		MINDISTANCE 300
					#MINFEATURESIZE auto
        			BUFFER 4
	      	 END # end of label		
		END
		CLASS  
		    EXPRESSION 'TX. Thñ DÇu Mét'
			
			 STYLE
				#SYMBOL "line-vertical"
				#SIZE 8
				COLOR        234 85 21			        
				OUTLINECOLOR 254 177 25
			 END
			 LABEL
        			COLOR 0 0 0
	        		TYPE TRUETYPE
        			FONT vntime
	        		SIZE 10
        			ANTIALIAS TRUE
	        		POSITION CC
        			PARTIALS FALSE
	        		MINDISTANCE 300
					#MINFEATURESIZE auto
        			BUFFER 4
	      	 END # end of label		
		END
	END	 
END 
#MAP
	