MAP
	NAME "Ban do tinh Ben Tre"
	STATUS ON
	SIZE 800 600
	SYMBOLSET  ../total/etc/symbols.sym
	EXTENT         612400.060116 1084137.776901 696033.469921 1143486.116718
	UNITS METERS
	SHAPEPATH  "shapefile"
	IMAGECOLOR     255 255 255
	FONTSET   ../total/etc/fonts.txt
	
	PROJECTION
	  "init=epsg:4236"
	END
	WEB
	    IMAGEPATH "/ms4w/tmp/ms_tmp/"
	    IMAGEURL  "/ms_tmp/"	   
		metadata  
			"wms_feature_info_mime_type" "text/html" 
		end
	END

# Start of layer definitions
# lop hanh chinh
	LAYER
        #PROCESSING “CLOSE_CONNECTION=DEFER”
	    NAME "hanhchinh"	
	    TYPE POLYGON
	    STATUS ON
	    DATA bentre_h
		dump true
	    METADATA
			qstring_validation_pattern '.'
			"gml_include_items" "all"
			#"wms_feature_info_mime_type" "text/html"
			"wms_feature_info_mime_type" "text/plain"			
		    "DESCRIPTION"   "hanh chinh"
		    "RESULT_FIELDS" "FID TEN_HUYEN"
	    END
		template "BT_template.html"		
		LABELITEM   "TEN_HUYEN"
		CLASSITEM	"TEN_HUYEN"							
		CLASS	
		    EXPRESSION ' H. Ba Tri'			
			
			 STYLE
				#SYMBOL "line-vertical"
				#SIZE 8
				COLOR        242 219 13			        
				OUTLINECOLOR 104 167 252
			 END
			 LABEL
        			COLOR 0 0 0
	        		TYPE TRUETYPE
        			FONT vntime
	        		SIZE 10
        			ANTIALIAS TRUE
	        		POSITION CC
        			PARTIALS FALSE
	        		MINDISTANCE 300
					#MINFEATURESIZE auto
        			BUFFER 4
	      	 END # end of label	
        END
        CLASS 
			EXPRESSION ' H. B×nh §¹i'
			 STYLE
				#SYMBOL "line-vertical"
				#SIZE 8
				COLOR        255 49 30			        
				OUTLINECOLOR 254 177 25
			 END
			 LABEL
        			COLOR 0 0 0
	        		TYPE TRUETYPE
        			FONT vntime
	        		SIZE 10
        			ANTIALIAS TRUE
	        		POSITION CC
        			PARTIALS FALSE
	        		MINDISTANCE 300
					#MINFEATURESIZE auto
        			BUFFER 4
	      	 END # end of label	
		END
		CLASS  
		    EXPRESSION ' H. Ch©u Thµnh'
			
			 STYLE
				#SYMBOL "line-vertical"
				#SIZE 8
				COLOR        242 219 13			        
				OUTLINECOLOR 254 177 25
			 END
			 LABEL
        			COLOR 0 0 0
	        		TYPE TRUETYPE
        			FONT vntime
	        		SIZE 10
        			ANTIALIAS TRUE
	        		POSITION CC
        			PARTIALS FALSE
	        		MINDISTANCE 300
					#MINFEATURESIZE auto
        			BUFFER 4
	      	 END # end of label		
		END
		CLASS  
		    EXPRESSION ' H. Chî L¸ch'
			
			 STYLE
				#SYMBOL "line-vertical"
				#SIZE 8
				COLOR        242 219 13			        
				OUTLINECOLOR 254 177 25
			 END
			 LABEL
        			COLOR 0 0 0
	        		TYPE TRUETYPE
        			FONT vntime
	        		SIZE 10
        			ANTIALIAS TRUE
	        		POSITION CC
        			PARTIALS FALSE
	        		MINDISTANCE 300
					#MINFEATURESIZE auto
        			BUFFER 4
	      	 END # end of label		
		END
		CLASS  
		    EXPRESSION ' H. Giång Tr«m'
			
			 STYLE
				#SYMBOL "line-vertical"
				#SIZE 8
				COLOR        234 85 21			        
				OUTLINECOLOR 254 177 25
			 END
			 LABEL
        			COLOR 0 0 0
	        		TYPE TRUETYPE
        			FONT vntime
	        		SIZE 10
        			ANTIALIAS TRUE
	        		POSITION CC
        			PARTIALS FALSE
	        		MINDISTANCE 300
					#MINFEATURESIZE auto
        			BUFFER 4
	      	 END # end of label		
		END
		CLASS  
		    EXPRESSION ' H. Má Cµy'
			
			 STYLE
				#SYMBOL "line-vertical"
				#SIZE 8
				COLOR        242 219 13			        
				OUTLINECOLOR 254 177 25
			 END
			 LABEL
        			COLOR 0 0 0
	        		TYPE TRUETYPE
        			FONT vntime
	        		SIZE 10
        			ANTIALIAS TRUE
	        		POSITION CC
        			PARTIALS FALSE
	        		MINDISTANCE 300
					#MINFEATURESIZE auto
        			BUFFER 4
	      	 END # end of label		
		END
		CLASS  
		    EXPRESSION ' H. Th¹nh Phó'
			
			 STYLE
				#SYMBOL "line-vertical"
				#SIZE 8
				COLOR        242 219 13			        
				OUTLINECOLOR 254 177 25
			 END
			 LABEL
        			COLOR 0 0 0
	        		TYPE TRUETYPE
        			FONT vntime
	        		SIZE 10
        			ANTIALIAS TRUE
	        		POSITION CC
        			PARTIALS FALSE
	        		MINDISTANCE 300
					#MINFEATURESIZE auto
        			BUFFER 4
	      	 END # end of label		
		END
		CLASS  
		    EXPRESSION ' TX. BÕn Tre'
			
			 STYLE
				#SYMBOL "line-vertical"
				#SIZE 8
				COLOR        234 85 21		        
				OUTLINECOLOR 254 177 25
			 END
			 LABEL
        			COLOR 0 0 0
	        		TYPE TRUETYPE
        			FONT vntime
	        		SIZE 10
        			ANTIALIAS TRUE
	        		POSITION CC
        			PARTIALS FALSE
	        		MINDISTANCE 300
					#MINFEATURESIZE auto
        			BUFFER 4
	      	 END # end of label		
		END
		CLASS  
		    EXPRESSION 'H. B×nh §¹i'
			
			 STYLE
				#SYMBOL "line-vertical"
				#SIZE 8
				COLOR        234 85 21		        
				OUTLINECOLOR 252 17 255
			 END
			 LABEL
        			COLOR 0 0 0
	        		TYPE TRUETYPE
        			FONT vntime
	        		SIZE 10
        			ANTIALIAS TRUE
	        		POSITION CC
        			PARTIALS FALSE
	        		MINDISTANCE 300
					#MINFEATURESIZE auto
        			BUFFER 4
	      	 END # end of label		
		END
		CLASS  
		    EXPRESSION 'H. Ch©u Thµnh'
			
			 STYLE
				#SYMBOL "line-vertical"
				#SIZE 8
				COLOR        234 85 21		        
				OUTLINECOLOR 25 177 25
			 END
			 LABEL
        			COLOR 0 0 0
	        		TYPE TRUETYPE
        			FONT vntime
	        		SIZE 10
        			ANTIALIAS TRUE
	        		POSITION CC
        			PARTIALS FALSE
	        		MINDISTANCE 300
					#MINFEATURESIZE auto
        			BUFFER 4
	      	 END # end of label		
		END
		CLASS  
		    EXPRESSION 'H. Giång Tr«m'
			
			 STYLE
				#SYMBOL "line-vertical"
				#SIZE 8
				COLOR        242 219 13
				OUTLINECOLOR 215 177 125
			 END
			 LABEL
        			COLOR 0 0 0
	        		TYPE TRUETYPE
        			FONT vntime
	        		SIZE 10
        			ANTIALIAS TRUE
	        		POSITION CC
        			PARTIALS FALSE
	        		MINDISTANCE 300
					#MINFEATURESIZE auto
        			BUFFER 4
	      	 END # end of label		
		END	
		CLASS  
		    EXPRESSION 'H. Má Cµy'
			
			 STYLE
				#SYMBOL "line-vertical"
				#SIZE 8
				COLOR        255 49 30
				OUTLINECOLOR 21 97 125
			 END
			 LABEL
        			COLOR 0 0 0
	        		TYPE TRUETYPE
        			FONT vntime
	        		SIZE 10
        			ANTIALIAS TRUE
	        		POSITION CC
        			PARTIALS FALSE
	        		MINDISTANCE 300
					#MINFEATURESIZE auto
        			BUFFER 4
	      	 END # end of label		
		END			
	END	 
END 
#MAP
	